[freefirehack.co/diamonds-generator/index.html]
[backblue.gif]
[fade.gif]
[index.html]
[freefirehack.co/diamonds-generator/index.html]
[freefirehack.co/diamonds-generator/font-awesome/4-5-0/css/font-awesome.min.css]
[freefirehack.co/diamonds-generator/wp-content/plugins/ogads-incentive-generator/template/gen/css/sweetalert2.min.css]
[freefirehack.co/diamonds-generator/font-awesome/4-5-0/css/font-awesome.min.css]
[freefirehack.co/diamonds-generator/wp-content/plugins/ogads-incentive-generator/template/gen/css/bootstrap.min.css]
[freefirehack.co/diamonds-generator/wp-content/plugins/ogads-incentive-generator/template/gen/css/magnific-popup.css]
[freefirehack.co/diamonds-generator/wp-content/plugins/ogads-incentive-generator/template/gen/css/fancySelect.css]
[freefirehack.co/diamonds-generator/wp-content/plugins/ogads-incentive-generator/template/gen/css/bootstrap.min.css]
[freefirehack.co/diamonds-generator/wp-content/plugins/ogads-ihncentive-generator/template/gen/css/animate.css]
[freefirehack.co/diamonds-generator/wp-content/plugins/ogads-incentive-generator/template/gen/css/custom-css.css]
[freefirehack.co/diamonds-generator/wp-content/plugins/ogads-ihncentive-generator/template/gen/css/animate.css]
[freefirehack.co/diamonds-generator/wp-content/plugins/ogads-incentive-generator/template/gen/img/verify.png]
[freefirehack.co/diamonds-generator/wp-content/plugins/ogads-incentive-generator/template/gen/css/style.css]
[freefirehack.co/diamonds-generator/wp-content/uploads/2019/11/diamond.png]
[freefirehack.co/diamonds-generator/wp-content/uploads/2019/11/bg.jpg]
[freefirehack.co/diamonds-generator/wp-content/plugins/ogads-incentive-generator/template/gen/css/sweetalert2.min.css]
[freefirehack.co/diamonds-generator/wp-content/uploads/2019/11/logo.png]
[freefirehack.co/diamonds-generator/wp-content/plugins/ogads-incentive-generator/template/gen/css/magnific-popup.css]
[freefirehack.co/diamonds-generator/wp-content/plugins/ogads-incentive-generator/template/gen/css/fancySelect.css]
[freefirehack.co/diamonds-generator/ajax/libs/jqueryui/1-8-13/jquery-ui.min.js]
[freefirehack.co/diamonds-generator/wp-content/plugins/ogads-incentive-generator/template/gen/js/fancySelect.js]
[freefirehack.co/diamonds-generator/wp-content/plugins/ogads-incentive-generator/template/gen/js/jquery.countTo.js]
[freefirehack.co/diamonds-generator/wp-content/plugins/ogads-incentive-generator/template/gen/css/style.css]
[freefirehack.co/diamonds-generator/wp-content/plugins/ogads-incentive-generator/template/gen/js/sweetalert2.min.js]
[freefirehack.co/diamonds-generator/wp-content/plugins/ogads-incentive-generator/template/gen/js/jquery-3.2.1.js]
[freefirehack.co/diamonds-generator/wp-content/plugins/ogads-incentive-generator/template/gen/js/jquery.magnific-popup.min.js]
[freefirehack.co/diamonds-generator/wp-content/plugins/ogads-incentive-generator/template/gen/js/form-scripts.js]
[freefirehack.co/diamonds-generator/wp-content/plugins/ogads-incentive-generator/template/gen/js/scripts.js]
[freefirehack.co/diamonds-generator/wp-content/plugins/ogads-incentive-generator/template/gen/css/custom-css.css]
[generatortool.online/wp-content/plugins/ogads-incentive-generator/template/gen/img/cf/Netherlands.png]
[generatortool.online/wp-content/plugins/ogads-incentive-generator/template/gen/img/cf/Germany.png]
[generatortool.online/wp-content/plugins/ogads-incentive-generator/template/gen/img/cf/Sweden.png]
[generatortool.online/wp-content/plugins/ogads-incentive-generator/template/gen/img/cf/Australia.png]
[generatortool.online/wp-content/plugins/ogads-incentive-generator/template/gen/img/cf/US.png]
[generatortool.online/wp-content/plugins/ogads-incentive-generator/template/gen/img/cf/France.png]
[generatortool.online/wp-content/plugins/ogads-incentive-generator/template/gen/img/cf/Switzerland.png]
[generatortool.online/wp-content/plugins/ogads-incentive-generator/template/gen/img/cf/Belgium.png]
[generatortool.online/wp-content/plugins/ogads-incentive-generator/template/gen/img/cf/Canada.png]
[generatortool.online/wp-content/plugins/ogads-incentive-generator/template/gen/img/cf/Denmark.png]
[generatortool.online/wp-content/plugins/ogads-incentive-generator/template/gen/img/cf/Italy.png]
[freefirehack.co/diamonds-generator/font-awesome/4-5-0/css/font-awesome/4-5-0/fonts/fontawesome-webfont.woff]
[freefirehack.co/diamonds-generator/gtag/js_id_.js]
[freefirehack.co/diamonds-generator/font-awesome/4-5-0/css/font-awesome/4-5-0/fonts/fontawesome-webfont.eot]
[freefirehack.co/diamonds-generator/wp-content/plugins/ogads-incentive-generator/template/gen/css/wp-content/plugins/ogads-incentive-generator/template/gen/fonts/glyphicons-halflings-regular.eot]
[freefirehack.co/diamonds-generator/font-awesome/4-5-0/css/font-awesome/4-5-0/fonts/fontawesome-webfont.ttf]
[freefirehack.co/diamonds-generator/font-awesome/4-5-0/css/font-awesome/4-5-0/fonts/fontawesome-webfont.svg]
[freefirehack.co/diamonds-generator/wp-content/plugins/ogads-incentive-generator/template/gen/css/wp-content/plugins/ogads-incentive-generator/template/gen/fonts/glyphicons-halflings-regular.woff]
[freefirehack.co/diamonds-generator/wp-content/plugins/ogads-incentive-generator/template/gen/css/wp-content/plugins/ogads-incentive-generator/template/gen/fonts/glyphicons-halflings-regulard41dd4]
[freefirehack.co/diamonds-generator/wp-content/plugins/ogads-incentive-generator/template/gen/fonts/glyphicons-halflings-regular.html]
[freefirehack.co/diamonds-generator/wp-content/plugins/ogads-incentive-generator/template/gen/css/wp-content/plugins/ogads-incentive-generator/template/gen/fonts/glyphicons-halflings-regular.svg]
[freefirehack.co/diamonds-generator/wp-content/plugins/ogads-incentive-generator/template/gen/css/wp-content/plugins/ogads-incentive-generator/template/gen/fonts/glyphicons-halflings-regular.ttf]
[freefirehack.co/diamonds-generator/wp-content/plugins/ogads-incentive-generator/template/gen/css/wp-content/plugins/ogads-incentive-generator/template/gen/fonts/bebasneue_bold-webfont.eot]
[freefirehack.co/diamonds-generator/wp-content/plugins/ogads-incentive-generator/template/gen/css/wp-content/plugins/ogads-incentive-generator/template/gen/fonts/bebasneue_bold-webfontd41dd41dd41d]
[freefirehack.co/diamonds-generator/wp-content/plugins/ogads-incentive-generator/template/gen/css/wp-content/plugins/ogads-incentive-generator/template/gen/fonts/bebasneue_bold-webfont.woff]
[freefirehack.co/diamonds-generator/wp-content/plugins/ogads-incentive-generator/template/gen/css/wp-content/plugins/ogads-incentive-generator/template/gen/fonts/bebasneue_regular-webfont.eot]
[freefirehack.co/diamonds-generator/wp-content/plugins/ogads-incentive-generator/template/gen/css/wp-content/plugins/ogads-incentive-generator/template/gen/fonts/bebasneue_bold-webfont.ttf]
[freefirehack.co/diamonds-generator/wp-content/plugins/ogads-incentive-generator/template/gen/css/wp-content/plugins/ogads-incentive-generator/template/gen/fonts/bebasneue_regular-webfont.woff]
[freefirehack.co/diamonds-generator/wp-content/plugins/ogads-incentive-generator/template/gen/css/wp-content/plugins/ogads-incentive-generator/template/gen/fonts/bebasneue_regular-webfontd41dd41dd]
[freefirehack.co/diamonds-generator/wp-content/plugins/ogads-incentive-generator/template/gen/css/wp-content/plugins/ogads-incentive-generator/template/gen/fonts/bebasneue_regular-webfont.ttf]
[freefirehack.co/diamonds-generator/wp-content/plugins/ogads-incentive-generator/template/gen/css/wp-content/plugins/ogads-incentive-generator/template/gen/fonts/et-line.eot]
[freefirehack.co/diamonds-generator/wp-content/plugins/ogads-incentive-generator/template/gen/css/wp-content/plugins/ogads-incentive-generator/template/gen/fonts/et-lined41dd41dd41dd41dd41d.eot]
[freefirehack.co/diamonds-generator/wp-content/plugins/ogads-incentive-generator/template/gen/css/wp-content/plugins/ogads-incentive-generator/template/gen/fonts/et-line.woff]
[freefirehack.co/diamonds-generator/wp-content/plugins/ogads-incentive-generator/template/gen/css/wp-content/plugins/ogads-incentive-generator/template/gen/fonts/et-line.ttf]
[freefirehack.co/diamonds-generator/wp-content/plugins/ogads-incentive-generator/template/gen/css/wp-content/plugins/ogads-incentive-generator/template/gen/fonts/et-line.svg]
[freefirehack.co/diamonds-generator/wp-content/plugins/ogads-incentive-generator/template/gen/css/img/pr-r.png]
[freefirehack.co/diamonds-generator/wp-content/plugins/ogads-incentive-generator/template/gen/js/validator.min.js]
[freefirehack.co/diamonds-generator/wp-content/plugins/ogads-incentive-generator/template/gen/css/img/smallbtnbg-bw.png]
[generatortool.online/wp-content/plugins/ogads-incentive-generator/template/gen/img/cf/US.png]
[freefirehack.co/diamonds-generator/wp-content/plugins/ogads-incentive-generator/template/gen/css/img/smallbtnbg-r-bw.png]
[generatortool.online/wp-content/plugins/ogads-incentive-generator/template/gen/img/cf/Germany.png]
[freefirehack.co/diamonds-generator/wp-content/plugins/ogads-incentive-generator/template/gen/css/img/button-dot.png]
[generatortool.online/wp-content/plugins/ogads-incentive-generator/template/gen/img/cf/Netherlands.png]
[freefirehack.co/diamonds-generator/wp-content/plugins/ogads-incentive-generator/template/gen/css/img/btn-img.png]
[generatortool.online/wp-content/plugins/ogads-incentive-generator/template/gen/img/cf/Sweden.png]
[freefirehack.co/diamonds-generator/wp-content/plugins/ogads-incentive-generator/template/gen/img/robux-1.png]
[generatortool.online/wp-content/plugins/ogads-incentive-generator/template/gen/img/cf/Australia.png]
[freefirehack.co/diamonds-generator/wp-content/plugins/ogads-incentive-generator/template/gen/img/ft-4.png]
[generatortool.online/wp-content/plugins/ogads-incentive-generator/template/gen/img/cf/France.png]
[freefirehack.co/diamonds-generator/wp-content/plugins/ogads-incentive-generator/template/gen/css/img/verify.png]
[generatortool.online/wp-content/plugins/ogads-incentive-generator/template/gen/img/cf/Switzerland.png]
[generatortool.online/wp-content/plugins/ogads-incentive-generator/template/gen/img/cf/Belgium.png]
[generatortool.online/wp-content/plugins/ogads-incentive-generator/template/gen/img/cf/Canada.png]
[generatortool.online/wp-content/plugins/ogads-incentive-generator/template/gen/img/cf/Denmark.png]
[generatortool.online/wp-content/plugins/ogads-incentive-generator/template/gen/img/cf/Italy.png]
[freefirehack.co/diamonds-generator/font-awesome/4-5-0/css/font-awesome/4-5-0/fonts/fontawesome-webfont.svg]
[freefirehack.co/diamonds-generator/wp-content/plugins/ogads-incentive-generator/template/gen/fonts/glyphicons-halflings-regular.html]
[freefirehack.co/diamonds-generator/wp-content/plugins/ogads-incentive-generator/template/gen/css/wp-content/plugins/ogads-incentive-generator/template/gen/fonts/glyphicons-halflings-regular.svg]
[freefirehack.co/diamonds-generator/wp-content/plugins/ogads-incentive-generator/template/gen/css/wp-content/plugins/ogads-incentive-generator/template/gen/fonts/et-line.svg]
[freefirehack.co/diamonds-generator/wp-content/plugins/ogads-incentive-generator/template/gen/css/img/smallbtnbg-r.png]
[freefirehack.co/diamonds-generator/wp-content/plugins/ogads-incentive-generator/template/gen/css/img/panel-overlay.png]
[freefirehack.co/diamonds-generator/wp-content/plugins/ogads-incentive-generator/template/gen/css/img/smallbtnbg.png]
[freefirehack.co/diamonds-generator/wp-content/plugins/ogads-incentive-generator/template/gen/img/robux-1.png]
[freefirehack.co/diamonds-generator/wp-content/plugins/ogads-incentive-generator/template/gen/img/ft-4.png]
